[backblue.gif]
[fade.gif]
[index.html]
[www.coloris.com.mx/feed/index.html]
[www.coloris.com.mx/comments/feed/index.html]
[www.coloris.com.mx/wp-includes/js/jquery/jqueryb8ff.js]
[www.coloris.com.mx/wp-includes/js/jquery/jquery-migrate.min330a.js]
[www.coloris.com.mx/wp-content/plugins/revslider/public/assets/js/jquery.themepunch.tools.min9d07.js]
[www.coloris.com.mx/wp-content/plugins/revslider/public/assets/js/jquery.themepunch.revolution.min9d07.js]
[www.coloris.com.mx/wp-content/themes/enfold/js/avia-compat2f54.js]
[www.coloris.com.mx/wp-includes/js/mediaelement/mediaelement-and-player.min45a0.js]
[www.coloris.com.mx/wp-includes/js/mediaelement/mediaelement-migrate.min8d9d.js]
[www.coloris.com.mx/xmlrpc0db0.php]
[www.coloris.com.mx/wp-json/index.html]
[www.coloris.com.mx/wp-json/oembed/1.0/embed8a27.json]
[www.coloris.com.mx/wp-json/oembed/1.0/embedf746]
[www.coloris.com.mx/wp-content/uploads/2017/11/coloris-icon-80x80.png]
[www.coloris.com.mx/wp-content/themes/enfold/config-templatebuilder/avia-template-builder/assets/fonts/entypo-fontello30f4.eot]
[www.coloris.com.mx/wp-content/themes/enfold/config-templatebuilder/avia-template-builder/assets/fonts/entypo-fontello30f4.woff]
[www.coloris.com.mx/wp-content/themes/enfold/config-templatebuilder/avia-template-builder/assets/fonts/entypo-fontello30f4.ttf]
[www.coloris.com.mx/wp-content/uploads/2017/11/logo-coloris.png]
[www.coloris.com.mx/wp-content/uploads/2018/08/coloris1.jpg]
[www.coloris.com.mx/wp-content/uploads/2018/08/colorislogo.png]
[www.coloris.com.mx/wp-content/uploads/2018/08/bg8720.jpg]
[www.coloris.com.mx/wp-content/uploads/2018/08/text8720.png]
[www.coloris.com.mx/wp-content/uploads/2018/08/720.png]
[www.coloris.com.mx/wp-content/uploads/2018/08/bg521.jpg]
[www.coloris.com.mx/wp-content/uploads/2018/08/521text.png]
[www.coloris.com.mx/wp-content/uploads/2018/08/521.png]
[www.coloris.com.mx/wp-content/uploads/2018/08/bg477.jpg]
[www.coloris.com.mx/wp-content/uploads/2018/08/477.png]
[www.coloris.com.mx/wp-content/uploads/2018/08/text477.png]
[www.coloris.com.mx/wp-content/uploads/2017/11/equipos.png]
[www.coloris.com.mx/wp-content/uploads/2017/11/rentadecopiadoras1-705x375.jpg]
[www.coloris.com.mx/wp-content/uploads/2017/11/rosabonito-705x375.jpg]
[www.coloris.com.mx/wp-content/uploads/2017/11/verde-1-705x375.jpg]
[www.coloris.com.mx/wp-content/uploads/2017/11/amarillobonito-705x375.jpg]
[www.coloris.com.mx/portada-arrendamiento-de-impresoras-multifuncionales.jpg]
[www.coloris.com.mx/wp-content/uploads/2017/11/MAPA1.png]
[www.coloris.com.mx/wp-content/plugins/contact-form-7/includes/js/scripts5859.js]
[www.coloris.com.mx/wp-content/themes/enfold/js/avia2f54.js]
[www.coloris.com.mx/wp-content/themes/enfold/js/shortcodes2f54.js]
[www.coloris.com.mx/wp-content/themes/enfold/js/aviapopup/jquery.magnific-popup.min2f54.js]
[www.coloris.com.mx/wp-includes/js/mediaelement/wp-mediaelement.min8d9d.js]
[www.coloris.com.mx/wp-includes/js/comment-reply.min8d9d.js]
[www.coloris.com.mx/wp-includes/js/wp-embed.min8d9d.js]
[www.coloris.com.mx/wp-content/uploads/2018/08/Whatsapp-Icon_33936.png]
[connect.facebook.net/es_ES/sdk.js]
[www.coloris.com.mx/index.html]
[www.coloris.com.mx/wp-content/plugins/contact-form-7/images/ajax-loader.gif]
[www.coloris.com.mx/wp-content/plugins/contact-form-7/includes/css/styles5859.css]
[www.coloris.com.mx/wp-content/plugins/revslider/public/assets/fonts/revicons/revicons90c6.eot]
[www.coloris.com.mx/wp-content/plugins/revslider/public/assets/fonts/revicons/revicons90c6.woff]
[www.coloris.com.mx/wp-content/plugins/revslider/public/assets/fonts/revicons/revicons90c6.ttf]
[www.coloris.com.mx/wp-content/plugins/revslider/public/assets/assets/gridtile.png]
[www.coloris.com.mx/wp-content/plugins/revslider/public/assets/assets/gridtile_white.png]
[www.coloris.com.mx/wp-content/plugins/revslider/public/assets/assets/gridtile_3x3.png]
[www.coloris.com.mx/wp-content/plugins/revslider/public/assets/assets/gridtile_3x3_white.png]
[www.coloris.com.mx/wp-content/plugins/revslider/public/assets/assets/coloredbg.png]
[www.coloris.com.mx/wp-content/plugins/revslider/public/assets/assets/loader.gif]
[www.coloris.com.mx/wp-content/plugins/revslider/public/assets/css/settings9d07.css]
[www.coloris.com.mx/wp-content/themes/enfold/css/grid2f54.css]
[www.coloris.com.mx/wp-content/themes/enfold/css/base2f54.css]
[www.coloris.com.mx/wp-content/themes/enfold/images/layout/loading.gif]
[www.coloris.com.mx/wp-content/themes/enfold/css/layout2f54.css]
[www.coloris.com.mx/wp-content/themes/enfold/images/layout/preload-dark-grey-big.gif]
[www.coloris.com.mx/wp-content/themes/enfold/css/shortcodes2f54.css]
[www.coloris.com.mx/wp-content/themes/enfold/js/aviapopup/magnific-popup2f54.css]
[www.coloris.com.mx/wp-content/themes/enfold/js/mediaelement/skin-1/background.png]
[www.coloris.com.mx/wp-content/themes/enfold/js/mediaelement/skin-1/sep.png]
[www.coloris.com.mx/wp-content/themes/enfold/js/mediaelement/skin-1/controls.png]
[www.coloris.com.mx/wp-content/themes/enfold/js/mediaelement/skin-1/mediaelementplayer2f54.css]
[www.coloris.com.mx/wp-content/themes/enfold/css/print2f54.css]
[www.coloris.com.mx/wp-content/uploads/dynamic_avia/enfold4a0e.css]
[www.coloris.com.mx/wp-content/themes/enfold/css/custom2f54.css]
[www.coloris.com.mx/xmlrpc.php]
[www.coloris.com.mx/wp-content/themes/enfold/config-templatebuilder/avia-template-builder/assets/fonts/entypo-fontello30f4.svg]
[www.coloris.com.mx/wp-includes/wlwmanifest.xml]
[www.coloris.com.mx/wp-json/oembed/1.0/embed8eb2.json]
[www.coloris.com.mx/wp-content/themes/enfold/images/background-images/diagonal-thin-light.png]
[www.coloris.com.mx/wp-content/uploads/2018/10/servicios2.png]
[www.coloris.com.mx/servicios/index.html]
[www.coloris.com.mx/wp-content/uploads/2018/08/ahorro-en-impresiones-180x180.jpg]
[www.coloris.com.mx/wp-content/uploads/2019/03/como-mejorar-la-calidad-de-las-impresiones-parte-i-180x180.jpg]
[www.coloris.com.mx/wp-content/uploads/2018/11/renta-impresoras-economicas-emprendedores-180x180.jpg]
[www.coloris.com.mx/wp-content/uploads/2019/03/beneficios-de-los-equipos-de-impresion-multifuncionales-180x180.jpg]
[www.coloris.com.mx/wp-content/uploads/2019/03/proteccion-de-documentos-e-informacion-en-una-empresa-180x180.jpg]
[www.coloris.com.mx/wp-content/uploads/2019/01/3-consejos-para-ahorrar-tinta-en-las-impresiones-180x180.jpg]
[www.coloris.com.mx/wp-content/uploads/2017/11/rosabonito-180x180.jpg]
[www.coloris.com.mx/wp-content/uploads/2018/08/arrendamiento-de-impresoras-180x180.jpg]
[www.coloris.com.mx/wp-content/uploads/2018/09/renta-de-impresoras-economicas-1-180x180.jpg]
[www.coloris.com.mx/blog/index.html]
[www.coloris.com.mx/wp-json/oembed/1.0/embed9734.json]
[www.coloris.com.mx/wp-json/oembed/1.0/embedf2f3]
[www.coloris.com.mx/wp-content/uploads/2017/11/bolsa-de-trabajo.jpg]
[www.coloris.com.mx/bolsa-de-trabajo/index.html]
[www.coloris.com.mx/wp-json/oembed/1.0/embed4adb.json]
[www.coloris.com.mx/wp-json/oembed/1.0/embed631e]
[www.coloris.com.mx/wp-content/uploads/2018/08/mobile_phone_14387.png]
[www.coloris.com.mx/wp-content/uploads/2018/08/email_102148.png]
[www.coloris.com.mx/wp-includes/js/underscore.min4511.js]
[www.coloris.com.mx/wp-includes/js/backbone.min9632.js]
[www.coloris.com.mx/wp-content/plugins/ninja-forms/assets/js/min/front-end-depsaf02.js]
[www.coloris.com.mx/wp-content/plugins/ninja-forms/assets/js/min/front-endaf02.js]
[www.coloris.com.mx/contacto/index.html]
[www.coloris.com.mx/index1919.html]
[www.coloris.com.mx/mov_bbb.html]
[www.coloris.com.mx/wp-json/oembed/1.0/embed0e35.json]
[www.coloris.com.mx/search/feed/rss2/index.html]
[www.coloris.com.mx/wp-json/oembed/1.0/embed3f2c]
[www.coloris.com.mx/wp-content/uploads/2018/08/arrendamiento-de-impresoras.jpg]
[www.coloris.com.mx/arrendamiento-de-impresoras/index.html]
[www.coloris.com.mx/wp-json/oembed/1.0/embedaaec.json]
[www.coloris.com.mx/wp-json/oembed/1.0/embedc3bb]
[www.coloris.com.mx/wp-content/uploads/2018/09/renta-de-copiadoras-e-impresoras.jpg]
[www.coloris.com.mx/renta-de-copiadoras-e-impresoras/index.html]
[www.coloris.com.mx/wp-json/oembed/1.0/embedb5d5.json]
[www.coloris.com.mx/wp-json/oembed/1.0/embedd62c]
[www.coloris.com.mx/wp-content/uploads/2018/09/renta-de-impresoras-economicas-1.jpg]
[www.coloris.com.mx/renta-de-impresoras/index.html]
[www.coloris.com.mx/wp-json/oembed/1.0/embeda865.json]
[www.coloris.com.mx/wp-json/oembed/1.0/embeda492]
[www.coloris.com.mx/wp-content/uploads/2018/09/renta-de-impresoras-con-tinta-continua.jpg]
[www.coloris.com.mx/renta-de-impresoras-con-tinta-continua/index.html]
[www.coloris.com.mx/wp-json/oembed/1.0/embed6d17.json]
[www.coloris.com.mx/wp-json/oembed/1.0/embed581b]
[www.coloris.com.mx/wp-content/uploads/2018/09/renta-de-impresoras-economicas.jpg]
[www.coloris.com.mx/renta-de-impresoras-economicas/index.html]
[www.coloris.com.mx/wp-json/oembed/1.0/embedc9f8.json]
[www.coloris.com.mx/wp-json/oembed/1.0/embed0283]
[www.coloris.com.mx/wp-content/uploads/2018/09/renta-de-impresoras-multifuncionales.jpg]
[www.coloris.com.mx/renta-de-impresoras-multifuncionales/index.html]
[www.coloris.com.mx/wp-content/themes/enfold/framework/index.html]
[www.coloris.com.mx/wp-content/themes/enfold/index.html]
[www.coloris.com.mx/wp-admin/admin-ajax.html]
[connect.facebook.net/es_ES/sdk.js]
[www.coloris.com.mx/wp-content/plugins/revslider/public/assets/fonts/revicons/revicons90c6.svg]
[www.coloris.com.mx/wp-content/plugins/revslider/public/assets/css/openhand.html]
[www.coloris.com.mx/wp-content/plugins/revslider/public/assets/css/closedhand.html]
[www.coloris.com.mx/index5294.html]
[www.coloris.com.mx/wp-json/oembed/1.0/embed8c9d]
[cdn.ampproject.org/v0.js]
[www.coloris.com.mx/wp-content/plugins/amp/assets/images/placeholder-icon.png]
[www.coloris.com.mx/servicios/index162c.html]
[www.coloris.com.mx/servicios/index1919.html]
[www.coloris.com.mx/wp-content/uploads/2018/09/renta-de-impresoras-multifuncionales-180x180.jpg]
[www.coloris.com.mx/wp-content/uploads/2019/01/conviene-mas-rentar-una-impresora-que-comprarla-180x180.jpg]
[www.coloris.com.mx/wp-content/uploads/2019/01/ventajas-fiscales-de-la-renta-de-impresoras-180x180.jpg]
[www.coloris.com.mx/blog/page/2/index.html]
[www.coloris.com.mx/blog/index1919.html]
[www.coloris.com.mx/wp-json/oembed/1.0/embedd13c.json]
[www.coloris.com.mx/wp-json/oembed/1.0/embedda96]
[www.coloris.com.mx/wp-content/uploads/2018/08/ahorro-en-impresiones.jpg]
[www.coloris.com.mx/como-mejorar-la-calidad-de-las-impresiones-parte-ii/feed/index.html]
[www.coloris.com.mx/wp-content/uploads/2018/08/ahorro-en-impresiones-845x321.jpg]
[www.coloris.com.mx/wp-content/uploads/2019/03/como-mejorar-la-calidad-de-las-impresiones-parte-i-80x80.jpg]
[www.coloris.com.mx/como-mejorar-la-calidad-de-las-impresiones-parte-ii/index.html]
[www.coloris.com.mx/wp-content/uploads/2018/11/contratar-servicio-de-renta-de-copiadoras-coloris-180x180.jpg]
[www.coloris.com.mx/category/renta-de-copiadoras/feed/index.html]
[www.coloris.com.mx/wp-content/uploads/2018/11/costo-en-los-negocios-renta-de-copiadoras-180x180.jpg]
[www.coloris.com.mx/category/renta-de-copiadoras/index.html]
[www.coloris.com.mx/author/optimizacion/index.html]
[www.coloris.com.mx/author/optimizacion/feed/index.html]
[www.coloris.com.mx/wp-json/oembed/1.0/embed7fb8.json]
[www.coloris.com.mx/como-mejorar-la-calidad-de-las-impresiones-parte-i/feed/index.html]
[www.coloris.com.mx/wp-json/oembed/1.0/embed9581]
[www.coloris.com.mx/wp-content/uploads/2019/03/como-mejorar-la-calidad-de-las-impresiones-parte-i.jpg]
[www.coloris.com.mx/wp-content/uploads/2019/03/como-mejorar-la-calidad-de-las-impresiones-parte-i-845x321.jpg]
[www.coloris.com.mx/wp-content/uploads/2018/11/renta-impresoras-economicas-emprendedores-80x80.jpg]
[www.coloris.com.mx/wp-content/uploads/2018/08/ahorro-en-impresiones-80x80.jpg]
[www.coloris.com.mx/como-mejorar-la-calidad-de-las-impresiones-parte-i/index.html]
[www.coloris.com.mx/wp-json/oembed/1.0/embedb11b.json]
[www.coloris.com.mx/recomendaciones-para-el-uso-de-multifuncionales/feed/index.html]
[www.coloris.com.mx/wp-json/oembed/1.0/embed3535]
[www.coloris.com.mx/wp-content/uploads/2018/11/renta-impresoras-economicas-emprendedores.jpg]
[www.coloris.com.mx/wp-content/uploads/2018/11/renta-impresoras-economicas-emprendedores-845x321.jpg]
[www.coloris.com.mx/wp-content/uploads/2019/03/beneficios-de-los-equipos-de-impresion-multifuncionales-80x80.jpg]
[www.coloris.com.mx/recomendaciones-para-el-uso-de-multifuncionales/index.html]
[www.coloris.com.mx/category/renta-de-impresoras-multifuncionales/index.html]
[www.coloris.com.mx/category/renta-de-impresoras-multifuncionales/feed/index.html]
[www.coloris.com.mx/wp-json/oembed/1.0/embed1d4b.json]
[www.coloris.com.mx/beneficios-de-los-equipos-de-impresion-multifuncionales/feed/index.html]
[www.coloris.com.mx/wp-json/oembed/1.0/embed3d3e]
[www.coloris.com.mx/wp-content/uploads/2019/03/beneficios-de-los-equipos-de-impresion-multifuncionales.jpg]
[www.coloris.com.mx/wp-content/uploads/2019/03/beneficios-de-los-equipos-de-impresion-multifuncionales-845x321.jpg]
[www.coloris.com.mx/wp-content/uploads/2019/03/proteccion-de-documentos-e-informacion-en-una-empresa-80x80.jpg]
[www.coloris.com.mx/beneficios-de-los-equipos-de-impresion-multifuncionales/index.html]
[www.coloris.com.mx/category/renta-de-impresoras/index.html]
[www.coloris.com.mx/category/renta-de-impresoras/feed/index.html]
[www.coloris.com.mx/wp-json/oembed/1.0/embed78a1.json]
[www.coloris.com.mx/proteccion-de-documentos-e-informacion-en-una-empresa/feed/index.html]
[www.coloris.com.mx/wp-json/oembed/1.0/embedff78]
[www.coloris.com.mx/wp-content/uploads/2019/03/proteccion-de-documentos-e-informacion-en-una-empresa.jpg]
[www.coloris.com.mx/wp-content/uploads/2019/03/proteccion-de-documentos-e-informacion-en-una-empresa-845x321.jpg]
[www.coloris.com.mx/wp-content/uploads/2019/01/3-consejos-para-ahorrar-tinta-en-las-impresiones-80x80.jpg]
[www.coloris.com.mx/proteccion-de-documentos-e-informacion-en-una-empresa/index.html]
[www.coloris.com.mx/como-solucionar-errores-de-impresion/feed/index.html]
[www.coloris.com.mx/wp-json/oembed/1.0/embed558e.json]
[www.coloris.com.mx/wp-json/oembed/1.0/embeda4c1]
[www.coloris.com.mx/wp-content/uploads/2019/01/3-consejos-para-ahorrar-tinta-en-las-impresiones.jpg]
[www.coloris.com.mx/wp-content/uploads/2017/11/rosabonito-80x80.jpg]
[www.coloris.com.mx/como-solucionar-errores-de-impresion/index.html]
[www.coloris.com.mx/ahorro-de-espacio-y-recursos-principales-ventajas-de-los-multifuncionales/feed/index.html]
[www.coloris.com.mx/wp-json/oembed/1.0/embed2969.json]
[www.coloris.com.mx/wp-json/oembed/1.0/embedc05d]
[www.coloris.com.mx/wp-content/uploads/2017/11/rosabonito.jpg]
[www.coloris.com.mx/wp-content/uploads/2018/08/arrendamiento-de-impresoras-80x80.jpg]
[www.coloris.com.mx/ahorro-de-espacio-y-recursos-principales-ventajas-de-los-multifuncionales/index.html]
[www.coloris.com.mx/como-evitar-y-solucionar-atascos-de-papel-en-impresoras/feed/index.html]
[www.coloris.com.mx/wp-json/oembed/1.0/embedb4cf.json]
[www.coloris.com.mx/wp-json/oembed/1.0/embed8194]
[www.coloris.com.mx/wp-content/uploads/2018/08/arrendamiento-de-impresoras-845x321.jpg]
[www.coloris.com.mx/wp-content/uploads/2018/09/renta-de-impresoras-economicas-1-80x80.jpg]
[www.coloris.com.mx/como-evitar-y-solucionar-atascos-de-papel-en-impresoras/index.html]
[www.coloris.com.mx/wp-json/oembed/1.0/embeda1d9.json]
[www.coloris.com.mx/3-razones-para-rentar-una-impresora/feed/index.html]
[www.coloris.com.mx/wp-json/oembed/1.0/embed5b49]
[www.coloris.com.mx/wp-content/uploads/2018/09/renta-de-impresoras-economicas-1-845x321.jpg]
[www.coloris.com.mx/3-razones-para-rentar-una-impresora/index.html]
[www.coloris.com.mx/wp-json/oembed/1.0/embed991b.json]
[www.coloris.com.mx/3-consejos-para-ahorrar-tinta-en-las-impresiones/feed/index.html]
[www.coloris.com.mx/wp-json/oembed/1.0/embed5eef]
[www.coloris.com.mx/wp-content/uploads/2018/09/renta-de-impresoras-multifuncionales-80x80.jpg]
[www.coloris.com.mx/3-consejos-para-ahorrar-tinta-en-las-impresiones/index.html]
[www.coloris.com.mx/category/ahorro-en-impresiones/index.html]
[www.coloris.com.mx/category/ahorro-en-impresiones/feed/index.html]
[www.coloris.com.mx/wp-content/uploads/2018/11/renta-de-impresoras-economicas-para-escuelas-180x180.jpg]
[www.coloris.com.mx/blog/page/3/index.html]
[www.coloris.com.mx/2019/03/index.html]
[www.coloris.com.mx/2019/01/index.html]
[www.coloris.com.mx/2018/11/index.html]
[www.coloris.com.mx/2018/10/index.html]
[www.coloris.com.mx/indexb8c6.html]
[www.coloris.com.mx/bolsa-de-trabajo/index162c.html]
[www.coloris.com.mx/bolsa-de-trabajo/index1919.html]
[www.coloris.com.mx/index5b8d.html]
[www.coloris.com.mx/contacto/index162c.html]
[www.coloris.com.mx/contacto/index1919.html]
[www.coloris.com.mx/wp-includes/fonts/dashicons.eot]
[www.coloris.com.mx/wp-includes/css/dashicons.min8d9d.css]
[www.coloris.com.mx/wp-content/plugins/ninja-forms/assets/img/help-info.png]
[www.coloris.com.mx/wp-content/plugins/ninja-forms/assets/css/display-structure8d9d.css]
[www.coloris.com.mx/wp-json/oembed/1.0/embedb753.json]
[www.coloris.com.mx/ahorro-en-impresiones/index.html]
[www.coloris.com.mx/index2ae7.html]
[www.coloris.com.mx/arrendamiento-de-impresoras/index162c.html]
[www.coloris.com.mx/arrendamiento-de-impresoras/index1919.html]
[www.coloris.com.mx/wp-json/oembed/1.0/embedaac6.json]
[www.coloris.com.mx/wp-json/oembed/1.0/embedf8aa]
[www.coloris.com.mx/wp-content/uploads/2018/08/renta-de-copiadoras.jpg]
[www.coloris.com.mx/renta-de-copiadoras/index.html]
[www.coloris.com.mx/index58a0.html]
[www.coloris.com.mx/renta-de-copiadoras-e-impresoras/index162c.html]
[www.coloris.com.mx/renta-de-copiadoras-e-impresoras/index1919.html]
[www.coloris.com.mx/index5e3b.html]
[www.coloris.com.mx/renta-de-impresoras/index162c.html]
[www.coloris.com.mx/renta-de-impresoras/index1919.html]
[www.coloris.com.mx/index21b4.html]
[www.coloris.com.mx/renta-de-impresoras-con-tinta-continua/index162c.html]
[www.coloris.com.mx/renta-de-impresoras-con-tinta-continua/index1919.html]
[www.coloris.com.mx/index7458.html]
[www.coloris.com.mx/renta-de-impresoras-economicas/index162c.html]
[www.coloris.com.mx/renta-de-impresoras-economicas/index1919.html]
[www.coloris.com.mx/index62bc.html]
[www.coloris.com.mx/renta-de-impresoras-multifuncionales/index162c.html]
[www.coloris.com.mx/renta-de-impresoras-multifuncionales/index1919.html]
[www.coloris.com.mx/blog/page/2/index1919.html]
[www.coloris.com.mx/las-impresoras-multifuncion-herramientas-que-no-puede-faltar-en-la-oficina/feed/index.html]
[www.coloris.com.mx/wp-json/oembed/1.0/embede965.json]
[www.coloris.com.mx/wp-json/oembed/1.0/embeda79a]
[www.coloris.com.mx/wp-content/uploads/2018/09/renta-de-impresoras-multifuncionales-845x321.jpg]
[www.coloris.com.mx/wp-content/uploads/2019/01/conviene-mas-rentar-una-impresora-que-comprarla-80x80.jpg]
[www.coloris.com.mx/las-impresoras-multifuncion-herramientas-que-no-puede-faltar-en-la-oficina/index.html]
[www.coloris.com.mx/conviene-mas-rentar-una-impresora-que-comprarla/feed/index.html]
[www.coloris.com.mx/wp-json/oembed/1.0/embed8e93.json]
[www.coloris.com.mx/wp-json/oembed/1.0/embeda380]
[www.coloris.com.mx/wp-content/uploads/2019/01/conviene-mas-rentar-una-impresora-que-comprarla.jpg]
[www.coloris.com.mx/wp-content/uploads/2019/01/ventajas-fiscales-de-la-renta-de-impresoras-80x80.bd.delayed]
[www.coloris.com.mx/conviene-mas-rentar-una-impresora-que-comprarla/index.html]
[www.coloris.com.mx/wp-json/oembed/1.0/embed7089.json]
[www.coloris.com.mx/ventajas-fiscales-de-la-renta-de-impresoras/feed/index.html]
[www.coloris.com.mx/wp-json/oembed/1.0/embed34dd]
[www.coloris.com.mx/wp-content/uploads/2019/01/ventajas-fiscales-de-la-renta-de-impresoras.jpg]
[www.coloris.com.mx/wp-content/uploads/2019/01/ventajas-fiscales-de-la-renta-de-impresoras-845x321.jpg]
[www.coloris.com.mx/ventajas-fiscales-de-la-renta-de-impresoras/index.html]
[www.coloris.com.mx/cinco-consejos-para-rentar-una-impresora-multifuncional/feed/index.html]
[www.coloris.com.mx/wp-json/oembed/1.0/embed4694.json]
[www.coloris.com.mx/wp-json/oembed/1.0/embed260e]
[www.coloris.com.mx/cinco-consejos-para-rentar-una-impresora-multifuncional/index.html]
[www.coloris.com.mx/wp-json/oembed/1.0/embede05f.json]
[www.coloris.com.mx/como-es-el-alquiler-de-impresoras-en-coloris/feed/index.html]
[www.coloris.com.mx/wp-json/oembed/1.0/embedaa80]
[www.coloris.com.mx/como-es-el-alquiler-de-impresoras-en-coloris/index.html]
[www.coloris.com.mx/wp-json/oembed/1.0/embed1e67.json]
[www.coloris.com.mx/ahorrar-dinero-con-la-renta-de-impresoras-es-posible/feed/index.html]
[www.coloris.com.mx/wp-json/oembed/1.0/embed9662]
[www.coloris.com.mx/ahorrar-dinero-con-la-renta-de-impresoras-es-posible/index.html]
[www.coloris.com.mx/wp-json/oembed/1.0/embed802f.json]
[www.coloris.com.mx/beneficios-de-contratar-un-sistema-ilimitado-de-impresiones/feed/index.html]
[www.coloris.com.mx/wp-json/oembed/1.0/embeddc49]
[www.coloris.com.mx/beneficios-de-contratar-un-sistema-ilimitado-de-impresiones/index.html]
[www.coloris.com.mx/tres-razones-para-rentar-una-impresora-multifuncional/feed/index.html]
[www.coloris.com.mx/wp-json/oembed/1.0/embed39ba.json]
[www.coloris.com.mx/wp-json/oembed/1.0/embede333]
[www.coloris.com.mx/tres-razones-para-rentar-una-impresora-multifuncional/index.html]
[www.coloris.com.mx/wp-json/oembed/1.0/embedc3ca.json]
[www.coloris.com.mx/renta-de-impresoras-multifuncionales-el-equipo-ideal-para-la-oficina/feed/index.html]
[www.coloris.com.mx/wp-json/oembed/1.0/embed5f45]
[www.coloris.com.mx/wp-content/uploads/2018/11/contratar-servicio-de-renta-de-copiadoras-coloris-80x80.jpg]
[www.coloris.com.mx/renta-de-impresoras-multifuncionales-el-equipo-ideal-para-la-oficina/index.html]
[www.coloris.com.mx/wp-json/oembed/1.0/embed1927.json]
[www.coloris.com.mx/por-que-elegir-la-renta-de-impresoras-multifuncionales-para-bancos/feed/index.html]
[www.coloris.com.mx/wp-json/oembed/1.0/embed75db]
[www.coloris.com.mx/por-que-elegir-la-renta-de-impresoras-multifuncionales-para-bancos/index.html]
[www.coloris.com.mx/wp-json/oembed/1.0/embed632b.json]
[www.coloris.com.mx/renta-de-impresoras-multifuncionales-para-equipar-a-las-escuelas/feed/index.html]
[www.coloris.com.mx/wp-json/oembed/1.0/embed807c]
[www.coloris.com.mx/renta-de-impresoras-multifuncionales-para-equipar-a-las-escuelas/index.html]
[www.coloris.com.mx/wp-json/oembed/1.0/embed6cd5.json]
[www.coloris.com.mx/renta-de-impresoras-economicas-una-alternativa-para-centros-de-copiado/feed/index.html]
[www.coloris.com.mx/wp-json/oembed/1.0/embed35dd]
[www.coloris.com.mx/wp-content/uploads/2018/11/renta-de-impresoras-economicas-para-escuelas-80x80.jpg]
[www.coloris.com.mx/renta-de-impresoras-economicas-una-alternativa-para-centros-de-copiado/index.html]
[www.coloris.com.mx/category/renta-de-impresoras-economicas/index.html]
[www.coloris.com.mx/blog/page/2/index03c7.html]
[www.coloris.com.mx/category/renta-de-impresoras-economicas/feed/index.html]
[www.coloris.com.mx/blog/page/3/index03c7.html]
[www.coloris.com.mx/index5579.html]
[www.coloris.com.mx/como-mejorar-la-calidad-de-las-impresiones-parte-ii/amp/index.html]
[www.coloris.com.mx/como-mejorar-la-calidad-de-las-impresiones-parte-ii/index1919.html]
[pinterest.com/pin/create/button/indexe440.html]
[www.coloris.com.mx/category/renta-de-copiadoras/index1919.html]
[www.coloris.com.mx/wp-json/oembed/1.0/embedf113.json]
[www.coloris.com.mx/renta-de-copiadoras-la-nueva-forma-de-hacer-mas-rentable-los-negocios/feed/index.html]
[www.coloris.com.mx/wp-json/oembed/1.0/embed55da]
[www.coloris.com.mx/wp-content/uploads/2018/11/contratar-servicio-de-renta-de-copiadoras-coloris.jpg]
[www.coloris.com.mx/wp-content/uploads/2018/11/contratar-servicio-de-renta-de-copiadoras-coloris-845x321.jpg]
[www.coloris.com.mx/renta-de-copiadoras-la-nueva-forma-de-hacer-mas-rentable-los-negocios/index.html]
[www.coloris.com.mx/contratar-servicio-de-renta-de-copiadoras-coloris/feed/index.html]
[www.coloris.com.mx/wp-json/oembed/1.0/embed4d09.json]
[www.coloris.com.mx/wp-json/oembed/1.0/embed2285]
[www.coloris.com.mx/wp-content/uploads/2018/11/costo-en-los-negocios-renta-de-copiadoras-80x80.jpg]
[www.coloris.com.mx/contratar-servicio-de-renta-de-copiadoras-coloris/index.html]
[www.coloris.com.mx/costo-en-los-negocios-renta-de-copiadoras/feed/index.html]
[www.coloris.com.mx/wp-json/oembed/1.0/embed3f1e.json]
[www.coloris.com.mx/wp-json/oembed/1.0/embeda3b0]
[www.coloris.com.mx/wp-content/uploads/2018/11/costo-en-los-negocios-renta-de-copiadoras.jpg]
[www.coloris.com.mx/wp-content/uploads/2018/11/costo-en-los-negocios-renta-de-copiadoras-845x321.jpg]
[www.coloris.com.mx/costo-en-los-negocios-renta-de-copiadoras/index.html]
[www.coloris.com.mx/author/optimizacion/page/2/index.html]
[www.coloris.com.mx/author/optimizacion/index1919.html]
[www.coloris.com.mx/author/optimizacion/page/3/index.html]
[www.coloris.com.mx/indexc921.html]
[www.coloris.com.mx/como-mejorar-la-calidad-de-las-impresiones-parte-i/amp/index.html]
[www.coloris.com.mx/como-mejorar-la-calidad-de-las-impresiones-parte-i/index1919.html]
[pinterest.com/pin/create/button/index7bd3.html]
[www.coloris.com.mx/category/arrendamiento-de-impresoras/index.html]
[www.coloris.com.mx/indexdf2a.html]
[www.coloris.com.mx/recomendaciones-para-el-uso-de-multifuncionales/amp/index.html]
[www.coloris.com.mx/recomendaciones-para-el-uso-de-multifuncionales/index1919.html]
[pinterest.com/pin/create/button/index6a29.html]
[www.coloris.com.mx/category/arrendamiento-de-impresoras/feed/index.html]
[www.coloris.com.mx/category/renta-de-impresoras-multifuncionales/index1919.html]
[www.coloris.com.mx/index846b.html]
[www.coloris.com.mx/beneficios-de-los-equipos-de-impresion-multifuncionales/amp/index.html]
[www.coloris.com.mx/beneficios-de-los-equipos-de-impresion-multifuncionales/index1919.html]
[pinterest.com/pin/create/button/index036b.html]
[www.coloris.com.mx/category/renta-de-impresoras/index1919.html]
[www.coloris.com.mx/index7451.html]
[www.coloris.com.mx/proteccion-de-documentos-e-informacion-en-una-empresa/amp/index.html]
[www.coloris.com.mx/proteccion-de-documentos-e-informacion-en-una-empresa/index1919.html]
[pinterest.com/pin/create/button/index9873.html]
[www.coloris.com.mx/index5aa6.html]
[www.coloris.com.mx/como-solucionar-errores-de-impresion/amp/index.html]
[www.coloris.com.mx/como-solucionar-errores-de-impresion/index1919.html]
[pinterest.com/pin/create/button/indexc32c.html]
[www.coloris.com.mx/index4b26.html]
[www.coloris.com.mx/ahorro-de-espacio-y-recursos-principales-ventajas-de-los-multifuncionales/amp/index.html]
[www.coloris.com.mx/ahorro-de-espacio-y-recursos-principales-ventajas-de-los-multifuncionales/index1919.html]
[pinterest.com/pin/create/button/indexf0c2.html]
[www.coloris.com.mx/wp-content/uploads/2019/01/3-consejos-para-ahorrar-tinta-en-las-impresiones-845x321.jpg]
[www.coloris.com.mx/wp-content/uploads/2017/11/rosabonito-705x321.jpg]
[www.coloris.com.mx/index3afd.html]
[www.coloris.com.mx/como-evitar-y-solucionar-atascos-de-papel-en-impresoras/amp/index.html]
[www.coloris.com.mx/como-evitar-y-solucionar-atascos-de-papel-en-impresoras/index1919.html]
[pinterest.com/pin/create/button/index05d4.html]
[www.coloris.com.mx/indexf14d.html]
[www.coloris.com.mx/3-razones-para-rentar-una-impresora/amp/index.html]
[www.coloris.com.mx/3-razones-para-rentar-una-impresora/index1919.html]
[pinterest.com/pin/create/button/index222c.html]
[www.coloris.com.mx/indexc56d.html]
[www.coloris.com.mx/3-consejos-para-ahorrar-tinta-en-las-impresiones/amp/index.html]
[www.coloris.com.mx/3-consejos-para-ahorrar-tinta-en-las-impresiones/index1919.html]
[pinterest.com/pin/create/button/indexd2cc.html]
[www.coloris.com.mx/category/ahorro-en-impresiones/index1919.html]
[www.coloris.com.mx/blog/page/3/index1919.html]
[www.coloris.com.mx/wp-json/oembed/1.0/embed1be7.json]
[www.coloris.com.mx/renta-de-impresoras-economicas-para-escuelas/feed/index.html]
[www.coloris.com.mx/wp-json/oembed/1.0/embed0d25]
[www.coloris.com.mx/wp-content/uploads/2018/11/renta-de-impresoras-economicas-para-escuelas.jpg]
[www.coloris.com.mx/wp-content/uploads/2018/11/renta-de-impresoras-economicas-para-escuelas-845x321.jpg]
[www.coloris.com.mx/renta-de-impresoras-economicas-para-escuelas/index.html]
[www.coloris.com.mx/wp-json/oembed/1.0/embed8f6d.json]
[www.coloris.com.mx/renta-impresoras-economicas-emprendedores/feed/index.html]
[www.coloris.com.mx/wp-json/oembed/1.0/embed2568]
[www.coloris.com.mx/renta-impresoras-economicas-emprendedores/index.html]
[www.coloris.com.mx/wp-json/oembed/1.0/embed1ecb.json]
[www.coloris.com.mx/beneficios-para-las-empresas-con-la-renta-de-impresoras-economicas/feed/index.html]
[www.coloris.com.mx/wp-json/oembed/1.0/embed76d5]
[www.coloris.com.mx/beneficios-para-las-empresas-con-la-renta-de-impresoras-economicas/index.html]
[www.coloris.com.mx/wp-json/oembed/1.0/embeddbc8.json]
[www.coloris.com.mx/preguntas-frecuentes-sobre-el-arrendamiento-de-impresoras/feed/index.html]
[www.coloris.com.mx/wp-json/oembed/1.0/embedbc83]
[www.coloris.com.mx/preguntas-frecuentes-sobre-el-arrendamiento-de-impresoras/index.html]
[www.coloris.com.mx/2019/03/index1919.html]
[www.coloris.com.mx/index9a32.html]
[www.coloris.com.mx/2019/01/index1919.html]
[www.coloris.com.mx/2018/11/index1919.html]
[www.coloris.com.mx/2018/index.html]
[www.coloris.com.mx/2018/10/index1919.html]
[www.coloris.com.mx/indexa308.html]
[www.coloris.com.mx/ahorro-en-impresiones/index1919.html]
[www.coloris.com.mx/index6683.html]
[www.coloris.com.mx/renta-de-copiadoras/index162c.html]
[www.coloris.com.mx/renta-de-copiadoras/index1919.html]
[www.coloris.com.mx/index3c3e.html]
[www.coloris.com.mx/wp-json/oembed/1.0/embed3ef4]
[www.coloris.com.mx/las-impresoras-multifuncion-herramientas-que-no-puede-faltar-en-la-oficina/index1919.html]
[pinterest.com/pin/create/button/indexb7c3.html]
[www.coloris.com.mx/index6b6d.html]
[www.coloris.com.mx/conviene-mas-rentar-una-impresora-que-comprarla/amp/index.html]
[www.coloris.com.mx/conviene-mas-rentar-una-impresora-que-comprarla/index1919.html]
[pinterest.com/pin/create/button/index9a44.html]
[www.coloris.com.mx/index325c.html]
[www.coloris.com.mx/ventajas-fiscales-de-la-renta-de-impresoras/amp/index.html]
[www.coloris.com.mx/ventajas-fiscales-de-la-renta-de-impresoras/index1919.html]
[pinterest.com/pin/create/button/index24e0.html]
[www.coloris.com.mx/wp-content/uploads/2019/01/conviene-mas-rentar-una-impresora-que-comprarla-845x321.jpg]
[www.coloris.com.mx/index1dd2.html]
[www.coloris.com.mx/cinco-consejos-para-rentar-una-impresora-multifuncional/amp/index.html]
[www.coloris.com.mx/cinco-consejos-para-rentar-una-impresora-multifuncional/index1919.html]
[pinterest.com/pin/create/button/index628f.html]
[www.coloris.com.mx/index2026.html]
[www.coloris.com.mx/como-es-el-alquiler-de-impresoras-en-coloris/amp/index.html]
[www.coloris.com.mx/como-es-el-alquiler-de-impresoras-en-coloris/index1919.html]
[pinterest.com/pin/create/button/index5d15.html]
[www.coloris.com.mx/index80d6.html]
[www.coloris.com.mx/ahorrar-dinero-con-la-renta-de-impresoras-es-posible/amp/index.html]
[www.coloris.com.mx/ahorrar-dinero-con-la-renta-de-impresoras-es-posible/index1919.html]
[pinterest.com/pin/create/button/index4964.html]
[www.coloris.com.mx/index4aec.html]
[www.coloris.com.mx/beneficios-de-contratar-un-sistema-ilimitado-de-impresiones/amp/index.html]
[www.coloris.com.mx/beneficios-de-contratar-un-sistema-ilimitado-de-impresiones/index1919.html]
[pinterest.com/pin/create/button/index1c4b.html]
[www.coloris.com.mx/index2a95.html]
[www.coloris.com.mx/tres-razones-para-rentar-una-impresora-multifuncional/amp/index.html]
[www.coloris.com.mx/tres-razones-para-rentar-una-impresora-multifuncional/index1919.html]
[pinterest.com/pin/create/button/indexe6d9.html]
[www.coloris.com.mx/indexa3d8.html]
[www.coloris.com.mx/renta-de-impresoras-multifuncionales-el-equipo-ideal-para-la-oficina/amp/index.html]
[www.coloris.com.mx/renta-de-impresoras-multifuncionales-el-equipo-ideal-para-la-oficina/index1919.html]
[pinterest.com/pin/create/button/indexca23.html]
[www.coloris.com.mx/index2487.html]
[www.coloris.com.mx/por-que-elegir-la-renta-de-impresoras-multifuncionales-para-bancos/amp/index.html]
[www.coloris.com.mx/por-que-elegir-la-renta-de-impresoras-multifuncionales-para-bancos/index1919.html]
[pinterest.com/pin/create/button/index26bb.html]
[www.coloris.com.mx/index6a26.html]
[www.coloris.com.mx/renta-de-impresoras-multifuncionales-para-equipar-a-las-escuelas/amp/index.html]
[www.coloris.com.mx/renta-de-impresoras-multifuncionales-para-equipar-a-las-escuelas/index1919.html]
[pinterest.com/pin/create/button/index0a4e.html]
[www.coloris.com.mx/indexec9a.html]
[www.coloris.com.mx/renta-de-impresoras-economicas-una-alternativa-para-centros-de-copiado/amp/index.html]
[www.coloris.com.mx/renta-de-impresoras-economicas-una-alternativa-para-centros-de-copiado/index1919.html]
[pinterest.com/pin/create/button/index2db5.html]
[www.coloris.com.mx/category/renta-de-impresoras-economicas/index1919.html]
[www.coloris.com.mx/blog/index03c7.html]
[pinterest.com/pin/create/button/index0c79.html]
[www.coloris.com.mx/index89f6.html]
[www.coloris.com.mx/renta-de-copiadoras-la-nueva-forma-de-hacer-mas-rentable-los-negocios/amp/index.html]
[www.coloris.com.mx/renta-de-copiadoras-la-nueva-forma-de-hacer-mas-rentable-los-negocios/index1919.html]
[pinterest.com/pin/create/button/index38f8.html]
[www.coloris.com.mx/index60e8.html]
[www.coloris.com.mx/contratar-servicio-de-renta-de-copiadoras-coloris/amp/index.html]
[www.coloris.com.mx/contratar-servicio-de-renta-de-copiadoras-coloris/index1919.html]
[pinterest.com/pin/create/button/indexeb79.html]
[www.coloris.com.mx/index4e02.html]
[www.coloris.com.mx/costo-en-los-negocios-renta-de-copiadoras/amp/index.html]
[www.coloris.com.mx/costo-en-los-negocios-renta-de-copiadoras/index1919.html]
[pinterest.com/pin/create/button/index5e55.html]
[www.coloris.com.mx/author/optimizacion/page/2/index1919.html]
[www.coloris.com.mx/author/optimizacion/page/3/index1919.html]
[pinterest.com/pin/create/button/index3111.html]
[www.coloris.com.mx/category/arrendamiento-de-impresoras/index1919.html]
[pinterest.com/pin/create/button/indexd3a5.html]
[pinterest.com/pin/create/button/index0d26.html]
[pinterest.com/pin/create/button/index62c1.html]
[pinterest.com/pin/create/button/index2f8a.html]
[pinterest.com/pin/create/button/indexabb7.html]
[pinterest.com/pin/create/button/index570b.html]
[pinterest.com/pin/create/button/index3979.html]
[pinterest.com/pin/create/button/indexc203.html]
[www.coloris.com.mx/indexe9c6.html]
[www.coloris.com.mx/renta-de-impresoras-economicas-para-escuelas/amp/index.html]
[www.coloris.com.mx/renta-de-impresoras-economicas-para-escuelas/index1919.html]
[pinterest.com/pin/create/button/index3f61.html]
[www.coloris.com.mx/index094a.html]
[www.coloris.com.mx/renta-impresoras-economicas-emprendedores/amp/index.html]
[www.coloris.com.mx/renta-impresoras-economicas-emprendedores/index1919.html]
[pinterest.com/pin/create/button/index20b6.html]
[www.coloris.com.mx/indexdfb6.html]
[www.coloris.com.mx/beneficios-para-las-empresas-con-la-renta-de-impresoras-economicas/amp/index.html]
[www.coloris.com.mx/beneficios-para-las-empresas-con-la-renta-de-impresoras-economicas/index1919.html]
[pinterest.com/pin/create/button/index9060.html]
[www.coloris.com.mx/indexc2d1.html]
[www.coloris.com.mx/preguntas-frecuentes-sobre-el-arrendamiento-de-impresoras/amp/index.html]
[www.coloris.com.mx/preguntas-frecuentes-sobre-el-arrendamiento-de-impresoras/index1919.html]
[pinterest.com/pin/create/button/index8313.html]
[www.coloris.com.mx/2019/index.html]
[www.coloris.com.mx/2018/page/2/index.html]
[www.coloris.com.mx/2018/index1919.html]
[www.coloris.com.mx/ahorro-en-impresiones/index162c.html]
[www.coloris.com.mx/las-impresoras-multifuncion-herramientas-que-no-puede-faltar-en-la-oficina/amp/index.html]
[pinterest.com/pin/create/button/index4408.html]
[pinterest.com/pin/create/button/index4361.html]
[pinterest.com/pin/create/button/indexb206.html]
[pinterest.com/pin/create/button/indexe333.html]
[pinterest.com/pin/create/button/index6d39.html]
[pinterest.com/pin/create/button/index398b.html]
[pinterest.com/pin/create/button/indexb781.html]
[pinterest.com/pin/create/button/index9ca6.html]
[pinterest.com/pin/create/button/indexfdb9.html]
[pinterest.com/pin/create/button/indexe735.html]
[pinterest.com/pin/create/button/indexc9d8.html]
[pinterest.com/pin/create/button/index56eb.html]
[pinterest.com/pin/create/button/index2f5d.html]
[pinterest.com/pin/create/button/indexb7ca.html]
[pinterest.com/pin/create/button/index1ddd.html]
[pinterest.com/pin/create/button/indexaccb.html]
[pinterest.com/pin/create/button/index34d0.html]
[pinterest.com/pin/create/button/indexff19.html]
[pinterest.com/pin/create/button/indexf451.html]
[www.coloris.com.mx/2019/page/2/index.html]
[www.coloris.com.mx/2019/index1919.html]
[www.coloris.com.mx/2018/page/2/index1919.html]
[www.coloris.com.mx/2019/page/2/index1919.html]
